test_contract_mutations_cannot_authorize_unknown_surface_or_abi_major (artifact.test_sdk_abi2_contract.SDKABI2ContractTests.test_contract_mutations_cannot_authorize_unknown_surface_or_abi_major) ... ok
test_current_header_is_additive_with_exactly_retained_legacy_declarations (artifact.test_sdk_abi2_contract.SDKABI2ContractTests.test_current_header_is_additive_with_exactly_retained_legacy_declarations) ... ok
test_packing_extra_exports_changed_fields_and_attributes_are_rejected (artifact.test_sdk_abi2_contract.SDKABI2ContractTests.test_packing_extra_exports_changed_fields_and_attributes_are_rejected) ... ok
test_altered_contract_inventory_or_payload_cannot_be_rehashed_into_acceptance (artifact.test_c_sdk_profile.CSDKProfileTests.test_altered_contract_inventory_or_payload_cannot_be_rehashed_into_acceptance) ... ok
test_exact_alpha_profile_and_explicit_diagnostic_boundary (artifact.test_c_sdk_profile.CSDKProfileTests.test_exact_alpha_profile_and_explicit_diagnostic_boundary) ... ok
test_final_byte_check_uses_the_manifest_pinned_before_installation (artifact.test_c_sdk_profile.CSDKProfileTests.test_final_byte_check_uses_the_manifest_pinned_before_installation) ... ok
test_missing_owner_consumer_extra_files_and_legacy_bom_fail (artifact.test_c_sdk_profile.CSDKProfileTests.test_missing_owner_consumer_extra_files_and_legacy_bom_fail) ... ok
test_unknown_profile_is_rejected_before_archive_access (artifact.test_c_sdk_profile.CSDKProfileTests.test_unknown_profile_is_rejected_before_archive_access) ... ok
test_bom_artifacts_require_exactly_one_terminal_lf (artifact.test_c_package_manifest.CPackageManifestTests.test_bom_artifacts_require_exactly_one_terminal_lf) ... ok
test_bom_fixtures_are_canonical_lf_bytes (artifact.test_c_package_manifest.CPackageManifestTests.test_bom_fixtures_are_canonical_lf_bytes) ... ok
test_bom_output_modes_and_ci_byte_identity_are_bound (artifact.test_c_package_manifest.CPackageManifestTests.test_bom_output_modes_and_ci_byte_identity_are_bound) ... ok
test_c_package_script_binds_and_invokes_ldd_verifier (artifact.test_c_package_manifest.CPackageManifestTests.test_c_package_script_binds_and_invokes_ldd_verifier) ... ok
test_complete_package_verifies (artifact.test_c_package_manifest.CPackageManifestTests.test_complete_package_verifies) ... ok
test_forged_minimal_package_and_unsafe_needed_library_fail_closed (artifact.test_c_package_manifest.CPackageManifestTests.test_forged_minimal_package_and_unsafe_needed_library_fail_closed) ... ok
test_ldd_linkage_accepts_direct_parent_normalization_and_spaces (artifact.test_c_package_manifest.CPackageManifestTests.test_ldd_linkage_accepts_direct_parent_normalization_and_spaces) ... ok
test_ldd_linkage_fails_closed_for_every_ambiguous_mapping (artifact.test_c_package_manifest.CPackageManifestTests.test_ldd_linkage_fails_closed_for_every_ambiguous_mapping) ... ok
test_rust_workspace_source_digest_uses_global_path_order (artifact.test_c_package_manifest.CPackageManifestTests.test_rust_workspace_source_digest_uses_global_path_order) ... ok
test_coherent_schema_version_abi_or_release_relabeling_is_rejected (artifact.test_windows_sdk_profile.WindowsSDKProfileTests.test_coherent_schema_version_abi_or_release_relabeling_is_rejected) ... ok
test_explicit_profile_preserves_legacy_and_binds_current_payload (artifact.test_windows_sdk_profile.WindowsSDKProfileTests.test_explicit_profile_preserves_legacy_and_binds_current_payload) ... ok
test_legacy_nine_asset_cbom_cannot_admit_sdk (artifact.test_windows_sdk_profile.WindowsSDKProfileTests.test_legacy_nine_asset_cbom_cannot_admit_sdk) ... ok
test_rehashed_source_or_missing_owner_payload_cannot_pass (artifact.test_windows_sdk_profile.WindowsSDKProfileTests.test_rehashed_source_or_missing_owner_payload_cannot_pass) ... ok
test_sdk_producer_and_archive_verifier_select_profile_and_same_library_names (artifact.test_windows_sdk_profile.WindowsSDKProfileTests.test_sdk_producer_and_archive_verifier_select_profile_and_same_library_names) ... ok
test_sdk_and_legacy_link_dependencies_require_the_selected_profile (artifact.test_windows_sdk_profile.WindowsSDKStaticLibraryTests.test_sdk_and_legacy_link_dependencies_require_the_selected_profile) ... ok
test_archive_labels_never_select_host_paths_and_duplicates_are_retained (artifact.test_windows_sdk_profile.WindowsStaticFilenameTests.test_archive_labels_never_select_host_paths_and_duplicates_are_retained) ... ok
test_copy_preserves_input_and_refuses_existing_output (artifact.test_windows_sdk_profile.WindowsStaticFilenameTests.test_copy_preserves_input_and_refuses_existing_output) ... ok
test_invalid_archive_label_tables_and_leaf_names_are_rejected (artifact.test_windows_sdk_profile.WindowsStaticFilenameTests.test_invalid_archive_label_tables_and_leaf_names_are_rejected) ... ok
test_malformed_or_overlapping_metadata_is_rejected (artifact.test_windows_sdk_profile.WindowsStaticFilenameTests.test_malformed_or_overlapping_metadata_is_rejected) ... ok
test_only_file_auxiliary_bytes_change_in_mixed_archive (artifact.test_windows_sdk_profile.WindowsStaticFilenameTests.test_only_file_auxiliary_bytes_change_in_mixed_archive) ... ok
test_only_reviewed_codeview_objects_are_rewritten (artifact.test_windows_sdk_profile.WindowsStaticFilenameTests.test_only_reviewed_codeview_objects_are_rewritten) ... ok
test_alpha_and_legacy_archives_are_not_interchangeable (artifact.test_android_sdk_profile.AndroidSDKProfileTests.test_alpha_and_legacy_archives_are_not_interchangeable) ... ok
test_alpha_still_requires_exact_callback_keep_rules_and_notices (artifact.test_android_sdk_profile.AndroidSDKProfileTests.test_alpha_still_requires_exact_callback_keep_rules_and_notices) ... ok
test_each_owner_class_and_java11_bytecode_are_required (artifact.test_android_sdk_profile.AndroidSDKProfileTests.test_each_owner_class_and_java11_bytecode_are_required) ... ok
test_exact_native_export_table_required_for_the_selected_profile (artifact.test_android_sdk_profile.AndroidSDKProfileTests.test_exact_native_export_table_required_for_the_selected_profile) ... ok
test_producer_stages_only_the_selected_profiles_notices (artifact.test_android_sdk_profile.AndroidSDKProfileTests.test_producer_stages_only_the_selected_profiles_notices) ... ok
test_profiles_preserve_legacy_and_reject_unknown (artifact.test_android_sdk_profile.AndroidSDKProfileTests.test_profiles_preserve_legacy_and_reject_unknown) ... ok
test_sdk_manifest_minimum_cannot_silently_differ (artifact.test_android_sdk_profile.AndroidSDKProfileTests.test_sdk_manifest_minimum_cannot_silently_differ) ... ok
test_build_rejects_output_escapes_before_reading_packages_or_starting_tools (artifact.test_android_sdk_package.AndroidSDKOutputAdmissionTests.test_build_rejects_output_escapes_before_reading_packages_or_starting_tools) ... ok
test_valid_nested_output_reaches_the_existing_pin_check_without_creation (artifact.test_android_sdk_package.AndroidSDKOutputAdmissionTests.test_valid_nested_output_reaches_the_existing_pin_check_without_creation) ... ok
test_bundle_pin_inventory_and_publication_flag (artifact.test_android_sdk_package.AndroidSDKPackageTests.test_bundle_pin_inventory_and_publication_flag) ... ok
test_gradle_directory_records_and_checksum_pins (artifact.test_android_sdk_package.AndroidSDKPackageTests.test_gradle_directory_records_and_checksum_pins) ... ok
test_rehashed_pom_changes_are_rejected (artifact.test_android_sdk_package.AndroidSDKPackageTests.test_rehashed_pom_changes_are_rejected) ... ok
test_rehashed_source_and_unsafe_jar_entry_rejected (artifact.test_android_sdk_package.AndroidSDKPackageTests.test_rehashed_source_and_unsafe_jar_entry_rejected) ... ok
test_aar_archive_claims_are_canonical_but_not_cross_host (artifact.test_android_elf.AndroidElfVerifierTests.test_aar_archive_claims_are_canonical_but_not_cross_host) ... ok
test_aar_cannot_omit_the_jni_exception_callback_class (artifact.test_android_elf.AndroidElfVerifierTests.test_aar_cannot_omit_the_jni_exception_callback_class) ... ok
test_aar_consumer_rules_require_exact_native_and_callback_retention (artifact.test_android_elf.AndroidElfVerifierTests.test_aar_consumer_rules_require_exact_native_and_callback_retention) ... ok
test_aar_hidden_central_record_is_rejected (artifact.test_android_elf.AndroidElfVerifierTests.test_aar_hidden_central_record_is_rejected) ... ok
test_aar_local_and_central_metadata_mismatch_is_rejected (artifact.test_android_elf.AndroidElfVerifierTests.test_aar_local_and_central_metadata_mismatch_is_rejected) ... ok
test_aar_manifest_is_bounded_utf8_xml_without_dtd (artifact.test_android_elf.AndroidElfVerifierTests.test_aar_manifest_is_bounded_utf8_xml_without_dtd) ... ok
test_aar_manifest_requires_the_actual_library_package (artifact.test_android_elf.AndroidElfVerifierTests.test_aar_manifest_requires_the_actual_library_package) ... ok
test_aar_multidisk_eocd_is_rejected (artifact.test_android_elf.AndroidElfVerifierTests.test_aar_multidisk_eocd_is_rejected) ... ok
test_aar_prefix_bytes_are_rejected_before_extraction (artifact.test_android_elf.AndroidElfVerifierTests.test_aar_prefix_bytes_are_rejected_before_extraction) ... ok
test_aar_trailing_bytes_are_rejected_before_extraction (artifact.test_android_elf.AndroidElfVerifierTests.test_aar_trailing_bytes_are_rejected_before_extraction) ... ok
test_aar_zip64_eocd_sentinels_are_rejected (artifact.test_android_elf.AndroidElfVerifierTests.test_aar_zip64_eocd_sentinels_are_rejected) ... ok
test_all_four_abis_and_both_libraries_pass (artifact.test_android_elf.AndroidElfVerifierTests.test_all_four_abis_and_both_libraries_pass) ... ok
test_canonical_aar_archive_structure_is_accepted (artifact.test_android_elf.AndroidElfVerifierTests.test_canonical_aar_archive_structure_is_accepted) ... ok
test_classes_jar_metadata_is_not_mistaken_for_outer_aar_policy (artifact.test_android_elf.AndroidElfVerifierTests.test_classes_jar_metadata_is_not_mistaken_for_outer_aar_policy) ... ok
test_duplicate_aar_entry_is_rejected (artifact.test_android_elf.AndroidElfVerifierTests.test_duplicate_aar_entry_is_rejected) ... ok
test_expected_aar_sha256_mismatch_fails_closed (artifact.test_android_elf.AndroidElfVerifierTests.test_expected_aar_sha256_mismatch_fails_closed) ... ok
test_final_aar_is_audited_and_extracted_elfs_are_reverified (artifact.test_android_elf.AndroidElfVerifierTests.test_final_aar_is_audited_and_extracted_elfs_are_reverified) ... ok
test_load_alignment_below_16k_is_rejected (artifact.test_android_elf.AndroidElfVerifierTests.test_load_alignment_below_16k_is_rejected) ... ok
test_manifest_is_canonical_exact_and_release_toolchain_bound (artifact.test_android_elf.AndroidElfVerifierTests.test_manifest_is_canonical_exact_and_release_toolchain_bound) ... ok
test_nested_archive_in_classes_jar_is_rejected (artifact.test_android_elf.AndroidElfVerifierTests.test_nested_archive_in_classes_jar_is_rejected) ... ok
test_noncanonical_aar_archive_comment_is_rejected (artifact.test_android_elf.AndroidElfVerifierTests.test_noncanonical_aar_archive_comment_is_rejected) ... ok
test_noncanonical_aar_compression_is_rejected (artifact.test_android_elf.AndroidElfVerifierTests.test_noncanonical_aar_compression_is_rejected) ... ok
test_noncanonical_aar_creator_system_is_rejected (artifact.test_android_elf.AndroidElfVerifierTests.test_noncanonical_aar_creator_system_is_rejected) ... ok
test_noncanonical_aar_entry_comment_is_rejected (artifact.test_android_elf.AndroidElfVerifierTests.test_noncanonical_aar_entry_comment_is_rejected) ... ok
test_noncanonical_aar_entry_order_is_rejected (artifact.test_android_elf.AndroidElfVerifierTests.test_noncanonical_aar_entry_order_is_rejected) ... ok
test_noncanonical_aar_entry_timestamp_is_rejected (artifact.test_android_elf.AndroidElfVerifierTests.test_noncanonical_aar_entry_timestamp_is_rejected) ... ok
test_noncanonical_aar_extra_field_is_rejected (artifact.test_android_elf.AndroidElfVerifierTests.test_noncanonical_aar_extra_field_is_rejected) ... ok
test_noncanonical_aar_flag_bits_are_rejected (artifact.test_android_elf.AndroidElfVerifierTests.test_noncanonical_aar_flag_bits_are_rejected) ... ok
test_noncanonical_aar_mode_is_rejected (artifact.test_android_elf.AndroidElfVerifierTests.test_noncanonical_aar_mode_is_rejected) ... ok
test_private_build_path_in_extracted_aar_content_is_rejected (artifact.test_android_elf.AndroidElfVerifierTests.test_private_build_path_in_extracted_aar_content_is_rejected) ... ok
test_producer_metadata_passes_the_independent_archive_contract (artifact.test_android_elf.AndroidElfVerifierTests.test_producer_metadata_passes_the_independent_archive_contract) ... ok
test_results_aar_projection_rejects_summary_drift (artifact.test_android_elf.AndroidElfVerifierTests.test_results_aar_projection_rejects_summary_drift) ... ok
test_results_bound_aar_requires_the_exact_release_ndk (artifact.test_android_elf.AndroidElfVerifierTests.test_results_bound_aar_requires_the_exact_release_ndk) ... ok
test_results_bound_aar_uses_only_manifest_selected_paths_and_hashes (artifact.test_android_elf.AndroidElfVerifierTests.test_results_bound_aar_uses_only_manifest_selected_paths_and_hashes) ... ok
test_successful_tool_with_diagnostics_is_rejected (artifact.test_android_elf.AndroidElfVerifierTests.test_successful_tool_with_diagnostics_is_rejected) ... ok
test_third_party_license_inventory_binds_exact_bytes (artifact.test_android_elf.AndroidElfVerifierTests.test_third_party_license_inventory_binds_exact_bytes) ... ok
test_valid_tool_output_with_nonzero_exit_is_rejected (artifact.test_android_elf.AndroidElfVerifierTests.test_valid_tool_output_with_nonzero_exit_is_rejected) ... ok
test_diagnostic_only_must_exactly_match_dirty_provenance (artifact.test_android_elf.AndroidManifestProvenanceTests.test_diagnostic_only_must_exactly_match_dirty_provenance) ... ok
test_exact_clean_source_provenance_passes_release_verification (artifact.test_android_elf.AndroidManifestProvenanceTests.test_exact_clean_source_provenance_passes_release_verification) ... ok
test_expected_release_commit_must_be_exact_and_equal (artifact.test_android_elf.AndroidManifestProvenanceTests.test_expected_release_commit_must_be_exact_and_equal) ... ok
test_runtime_timestamp_is_rejected (artifact.test_android_elf.AndroidManifestProvenanceTests.test_runtime_timestamp_is_rejected) ... ok
test_source_change_after_manifest_is_rejected (artifact.test_android_elf.AndroidManifestProvenanceTests.test_source_change_after_manifest_is_rejected) ... ok
test_consumer_pins_preserve_existing_upstream_requirements (artifact.test_jvm_sdk_package.JvmSDKPackageTests.test_consumer_pins_preserve_existing_upstream_requirements) ... ok
test_jar_path_escape_rejected_without_extraction (artifact.test_jvm_sdk_package.JvmSDKPackageTests.test_jar_path_escape_rejected_without_extraction) ... ok
test_maven_unlisted_file_and_symlink_rejected (artifact.test_jvm_sdk_package.JvmSDKPackageTests.test_maven_unlisted_file_and_symlink_rejected) ... ok
test_rehashed_bytecode_and_embedded_native_rejection (artifact.test_jvm_sdk_package.JvmSDKPackageTests.test_rehashed_bytecode_and_embedded_native_rejection) ... ok
test_rehashed_coordinate_dependency_and_redirect_rejected (artifact.test_jvm_sdk_package.JvmSDKPackageTests.test_rehashed_coordinate_dependency_and_redirect_rejected) ... ok
test_rehashed_duplicate_gradle_component_is_rejected (artifact.test_jvm_sdk_package.JvmSDKPackageTests.test_rehashed_duplicate_gradle_component_is_rejected) ... ok
test_rehashed_source_and_license_changes_rejected (artifact.test_jvm_sdk_package.JvmSDKPackageTests.test_rehashed_source_and_license_changes_rejected) ... ok
test_structural_fixture_and_checksum_rejection (artifact.test_jvm_sdk_package.JvmSDKPackageTests.test_structural_fixture_and_checksum_rejection) ... ok
test_host_tools_and_each_sdk_target_have_separate_deployment_floors (artifact.test_apple_sdk_profile.AppleSDKProfileTests.test_host_tools_and_each_sdk_target_have_separate_deployment_floors) ... ok
test_legacy_signing_mode_and_unknown_profiles_fail_before_build (artifact.test_apple_sdk_profile.AppleSDKProfileTests.test_legacy_signing_mode_and_unknown_profiles_fail_before_build) ... ok
test_link_map_binds_archive_path_architecture_and_nonempty_object_set (artifact.test_apple_sdk_profile.AppleSDKProfileTests.test_link_map_binds_archive_path_architecture_and_nonempty_object_set) ... ok
test_payload_changes_and_manifest_type_or_version_changes_fail (artifact.test_apple_sdk_profile.AppleSDKProfileTests.test_payload_changes_and_manifest_type_or_version_changes_fail) ... ok
test_platform_inventory_excludes_intel_macos_but_retains_ios_simulator (artifact.test_apple_sdk_profile.AppleSDKProfileTests.test_platform_inventory_excludes_intel_macos_but_retains_ios_simulator) ... ok
test_rehashing_contents_cannot_replace_the_checked_native_payload (artifact.test_apple_sdk_profile.AppleSDKProfileTests.test_rehashing_contents_cannot_replace_the_checked_native_payload) ... ok
test_sdk_and_legacy_archives_have_separate_closed_layouts (artifact.test_apple_sdk_profile.AppleSDKProfileTests.test_sdk_and_legacy_archives_have_separate_closed_layouts) ... ok
test_sdk_rejects_legacy_dual_macos_runtime_policy_before_tools_or_payload (artifact.test_apple_sdk_profile.AppleSDKProfileTests.test_sdk_rejects_legacy_dual_macos_runtime_policy_before_tools_or_payload) ... ok
test_symlinked_package_entries_and_root_are_not_followed (artifact.test_apple_sdk_profile.AppleSDKProfileTests.test_symlinked_package_entries_and_root_are_not_followed) ... ok
test_xcframework_digest_must_match_before_zip_parsing (artifact.test_apple_sdk_profile.AppleSDKProfileTests.test_xcframework_digest_must_match_before_zip_parsing) ... ok
test_xcode_scheme_requires_known_consumer_identity_and_target (artifact.test_apple_sdk_profile.AppleSDKProfileTests.test_xcode_scheme_requires_known_consumer_identity_and_target) ... ok
test_reopen_refuses_dropping_a_verified_leaf (artifact.test_source_results_assembler.ReopenSourceTests.test_reopen_refuses_dropping_a_verified_leaf) ... ok
test_reopen_requires_a_fully_installed_249_key_input (artifact.test_source_results_assembler.ReopenSourceTests.test_reopen_requires_a_fully_installed_249_key_input) ... ok
test_reopen_reverses_pending_installed_to_initial (artifact.test_source_results_assembler.ReopenSourceTests.test_reopen_reverses_pending_installed_to_initial) ... ok
test_reopen_validates_leaves_before_dropping (artifact.test_source_results_assembler.ReopenSourceTests.test_reopen_validates_leaves_before_dropping) ... ok
test_android_projection_requires_canonical_release_emulator (artifact.test_source_results_assembler.SourceResultsAssemblerTests.test_android_projection_requires_canonical_release_emulator) ... ok
test_assemble_document_marks_optional_evidence_stale (artifact.test_source_results_assembler.SourceResultsAssemblerTests.test_assemble_document_marks_optional_evidence_stale) ... ok
test_cli_committed_marker_is_bounded_and_returns_125 (artifact.test_source_results_assembler.SourceResultsAssemblerTests.test_cli_committed_marker_is_bounded_and_returns_125) ... ok
test_cli_publication_marker_reports_only_a_safe_attempt_path (artifact.test_source_results_assembler.SourceResultsAssemblerTests.test_cli_publication_marker_reports_only_a_safe_attempt_path) ... ok
test_cli_structural_error_returns_two_without_traceback (artifact.test_source_results_assembler.SourceResultsAssemblerTests.test_cli_structural_error_returns_two_without_traceback) ... ok
test_core_index_accepts_only_the_android_runtime_summary (artifact.test_source_results_assembler.SourceResultsAssemblerTests.test_core_index_accepts_only_the_android_runtime_summary) ... ok
test_domain_closure_revalidates_projections_and_pins (artifact.test_source_results_assembler.SourceResultsAssemblerTests.test_domain_closure_revalidates_projections_and_pins) ... ok
test_finalize_cli_requires_the_core_publication_selectors (artifact.test_source_results_assembler.SourceResultsAssemblerTests.test_finalize_cli_requires_the_core_publication_selectors) ... ok
test_finalize_wraps_postpublication_recheck_failure_as_committed (artifact.test_source_results_assembler.SourceResultsAssemblerTests.test_finalize_wraps_postpublication_recheck_failure_as_committed) ... ok
test_initial_and_installed_proof_maps_are_exactly_distinct (artifact.test_source_results_assembler.SourceResultsAssemblerTests.test_initial_and_installed_proof_maps_are_exactly_distinct) ... ok
test_initial_baseline_rejects_same_shape_committed_byte_change (artifact.test_source_results_assembler.SourceResultsAssemblerTests.test_initial_baseline_rejects_same_shape_committed_byte_change) ... ok
test_installed_selectors_bind_paths_to_run_identities (artifact.test_source_results_assembler.SourceResultsAssemblerTests.test_installed_selectors_bind_paths_to_run_identities) ... ok
test_internal_apis_exclude_product_readiness_selectors (artifact.test_source_results_assembler.SourceResultsAssemblerTests.test_internal_apis_exclude_product_readiness_selectors) ... ok
test_live_results_is_the_exact_initial_migration_baseline (artifact.test_source_results_assembler.SourceResultsAssemblerTests.test_live_results_is_the_exact_initial_migration_baseline) ... ok
test_mutation_plan_rejects_optional_evidence_promotion (artifact.test_source_results_assembler.SourceResultsAssemblerTests.test_mutation_plan_rejects_optional_evidence_promotion) ... ok
test_mutation_plan_rejects_top_level_and_provenance_drift (artifact.test_source_results_assembler.SourceResultsAssemblerTests.test_mutation_plan_rejects_top_level_and_provenance_drift) ... ok
test_run_ids_require_exact_lowercase_hex (artifact.test_source_results_assembler.SourceResultsAssemblerTests.test_run_ids_require_exact_lowercase_hex) ... ok
test_runbooks_keep_product_readiness_outside_the_core_successor (artifact.test_source_results_assembler.SourceResultsAssemblerTests.test_runbooks_keep_product_readiness_outside_the_core_successor) ... ok
test_rust_handoff_resample_is_mandatory_and_byte_exact (artifact.test_source_results_assembler.SourceResultsAssemblerTests.test_rust_handoff_resample_is_mandatory_and_byte_exact) ... ok
test_sdk_source_profile_preserves_history_and_requires_explicit_selection (artifact.test_source_results_assembler.SourceResultsAssemblerTests.test_sdk_source_profile_preserves_history_and_requires_explicit_selection) ... ok
test_sdk_source_profile_rejects_contract_substitution_and_races (artifact.test_source_results_assembler.SourceResultsAssemblerTests.test_sdk_source_profile_rejects_contract_substitution_and_races) ... ok
test_source_ci_cli_never_labels_installed_dispatch_as_readiness (artifact.test_source_results_assembler.SourceResultsAssemblerTests.test_source_ci_cli_never_labels_installed_dispatch_as_readiness) ... ok
test_source_ci_final_baseline_recheck_closes_input_and_source_races (artifact.test_source_results_assembler.SourceResultsAssemblerTests.test_source_ci_final_baseline_recheck_closes_input_and_source_races) ... ok
test_source_ci_gate_dispatches_only_exact_initial_or_installed (artifact.test_source_results_assembler.SourceResultsAssemblerTests.test_source_ci_gate_dispatches_only_exact_initial_or_installed) ... ok
test_source_ci_gate_rejects_malformed_mixed_and_wrong_delta_states (artifact.test_source_results_assembler.SourceResultsAssemblerTests.test_source_ci_gate_rejects_malformed_mixed_and_wrong_delta_states) ... ok
test_source_ci_initial_readiness_rejects_changed_dirty_or_wrong_commit (artifact.test_source_results_assembler.SourceResultsAssemblerTests.test_source_ci_initial_readiness_rejects_changed_dirty_or_wrong_commit) ... ok
test_source_ci_wrong_frozen_initial_digest_fails_before_source_sampling (artifact.test_source_results_assembler.SourceResultsAssemblerTests.test_source_ci_wrong_frozen_initial_digest_fails_before_source_sampling) ... ok
test_validate_baseline_pins_worktree_bytes_to_head_and_mode (artifact.test_source_results_assembler.SourceResultsAssemblerTests.test_validate_baseline_pins_worktree_bytes_to_head_and_mode) ... ok
test_validate_baseline_rejects_nonidentical_head_blob (artifact.test_source_results_assembler.SourceResultsAssemblerTests.test_validate_baseline_rejects_nonidentical_head_blob) ... ok
test_verified_domain_projection_mismatches_fail_closed (artifact.test_source_results_assembler.SourceResultsAssemblerTests.test_verified_domain_projection_mismatches_fail_closed) ... ok
test_verified_domain_projections_match_all_sections (artifact.test_source_results_assembler.SourceResultsAssemblerTests.test_verified_domain_projections_match_all_sections) ... ok
test_verify_installed_enforces_full_transition_call_contract (artifact.test_source_results_assembler.SourceResultsAssemblerTests.test_verify_installed_enforces_full_transition_call_contract) ... ok
test_verify_installed_translates_invalid_git_transition (artifact.test_source_results_assembler.SourceResultsAssemblerTests.test_verify_installed_translates_invalid_git_transition) ... ok
test_artifact_guide_states_the_enforced_tracked_source_count (artifact.test_codeql_rust_quality.CodeQLRustQualityTests.test_artifact_guide_states_the_enforced_tracked_source_count) ... ok
test_binding_open_calls_use_fixed_flags_and_relative_metadata (artifact.test_codeql_rust_quality.CodeQLRustQualityTests.test_binding_open_calls_use_fixed_flags_and_relative_metadata) ... ok
test_binding_open_flags_are_fail_closed (artifact.test_codeql_rust_quality.CodeQLRustQualityTests.test_binding_open_flags_are_fail_closed) ... ok
test_bqrs_decode_requires_strict_json_and_empty_stderr (artifact.test_codeql_rust_quality.CodeQLRustQualityTests.test_bqrs_decode_requires_strict_json_and_empty_stderr) ... ok
test_checkout_provenance_binds_commit_and_worktree_bytes (artifact.test_codeql_rust_quality.CodeQLRustQualityTests.test_checkout_provenance_binds_commit_and_worktree_bytes) ... ok
test_clean_quality_evidence_passes (artifact.test_codeql_rust_quality.CodeQLRustQualityTests.test_clean_quality_evidence_passes) ... ok
test_cleanup_merge_preserves_control_exception (artifact.test_codeql_rust_quality.CodeQLRustQualityTests.test_cleanup_merge_preserves_control_exception) ... ok
test_close_bindings_attempts_every_descriptor_and_aggregates (artifact.test_codeql_rust_quality.CodeQLRustQualityTests.test_close_bindings_attempts_every_descriptor_and_aggregates) ... ok
test_close_bindings_preserves_control_exception_and_continues (artifact.test_codeql_rust_quality.CodeQLRustQualityTests.test_close_bindings_preserves_control_exception_and_continues) ... ok
test_codeql_process_boundaries_fail_closed (artifact.test_codeql_rust_quality.CodeQLRustQualityTests.test_codeql_process_boundaries_fail_closed) ... ok
test_codeql_process_limits_are_fixed (artifact.test_codeql_rust_quality.CodeQLRustQualityTests.test_codeql_process_limits_are_fixed) ... ok
test_database_identity_replacement_is_rejected (artifact.test_codeql_rust_quality.CodeQLRustQualityTests.test_database_identity_replacement_is_rejected) ... ok
test_decode_revalidates_fixed_bindings_before_and_after (artifact.test_codeql_rust_quality.CodeQLRustQualityTests.test_decode_revalidates_fixed_bindings_before_and_after) ... ok
test_every_zero_metric_fails_closed (artifact.test_codeql_rust_quality.CodeQLRustQualityTests.test_every_zero_metric_fails_closed) ... ok
test_extracted_paths_reject_non_rust_noncanonical_and_duplicates (artifact.test_codeql_rust_quality.CodeQLRustQualityTests.test_extracted_paths_reject_non_rust_noncanonical_and_duplicates) ... ok
test_fixed_binary_symlink_ancestor_is_rejected (artifact.test_codeql_rust_quality.CodeQLRustQualityTests.test_fixed_binary_symlink_ancestor_is_rejected) ... ok
test_fixed_binding_owner_policy_is_exact (artifact.test_codeql_rust_quality.CodeQLRustQualityTests.test_fixed_binding_owner_policy_is_exact) ... ok
test_fixed_bindings_accept_hosted_toolcache_binary_shape (artifact.test_codeql_rust_quality.CodeQLRustQualityTests.test_fixed_bindings_accept_hosted_toolcache_binary_shape) ... ok
test_fixed_bindings_bind_exact_paths_and_metadata (artifact.test_codeql_rust_quality.CodeQLRustQualityTests.test_fixed_bindings_bind_exact_paths_and_metadata) ... ok
test_fixed_bindings_reject_cross_account_write_and_unsafe_types (artifact.test_codeql_rust_quality.CodeQLRustQualityTests.test_fixed_bindings_reject_cross_account_write_and_unsafe_types) ... ok
test_fixed_bindings_reject_non_linux_and_database_outside_parent (artifact.test_codeql_rust_quality.CodeQLRustQualityTests.test_fixed_bindings_reject_non_linux_and_database_outside_parent) ... ok
test_internal_consistency_category_totals_must_reconcile (artifact.test_codeql_rust_quality.CodeQLRustQualityTests.test_internal_consistency_category_totals_must_reconcile) ... ok
test_internal_consistency_telemetry_is_observed_without_false_failure (artifact.test_codeql_rust_quality.CodeQLRustQualityTests.test_internal_consistency_telemetry_is_observed_without_false_failure) ... ok
test_metadata_open_rejects_path_fd_identity_drift (artifact.test_codeql_rust_quality.CodeQLRustQualityTests.test_metadata_open_rejects_path_fd_identity_drift) ... ok
test_metadata_revalidation_uses_fd_policy_and_initial_identity (artifact.test_codeql_rust_quality.CodeQLRustQualityTests.test_metadata_revalidation_uses_fd_policy_and_initial_identity) ... ok
test_metric_keys_types_and_duplicates_are_exact (artifact.test_codeql_rust_quality.CodeQLRustQualityTests.test_metric_keys_types_and_duplicates_are_exact) ... ok
test_open_cleanup_preserves_control_exception (artifact.test_codeql_rust_quality.CodeQLRustQualityTests.test_open_cleanup_preserves_control_exception) ... ok
test_open_domain_failure_reports_secondary_close_failure (artifact.test_codeql_rust_quality.CodeQLRustQualityTests.test_open_domain_failure_reports_secondary_close_failure) ... ok
test_open_failure_after_metadata_closes_every_open_descriptor (artifact.test_codeql_rust_quality.CodeQLRustQualityTests.test_open_failure_after_metadata_closes_every_open_descriptor) ... ok
test_open_failure_closes_earlier_fixed_binding_descriptor (artifact.test_codeql_rust_quality.CodeQLRustQualityTests.test_open_failure_closes_earlier_fixed_binding_descriptor) ... ok
test_open_failure_reports_secondary_close_failure (artifact.test_codeql_rust_quality.CodeQLRustQualityTests.test_open_failure_reports_secondary_close_failure) ... ok
test_open_primary_control_exception_survives_cleanup_failure (artifact.test_codeql_rust_quality.CodeQLRustQualityTests.test_open_primary_control_exception_survives_cleanup_failure) ... ok
test_path_set_must_match_exactly (artifact.test_codeql_rust_quality.CodeQLRustQualityTests.test_path_set_must_match_exactly) ... ok
test_positive_sentinels_cannot_be_vacuous (artifact.test_codeql_rust_quality.CodeQLRustQualityTests.test_positive_sentinels_cannot_be_vacuous) ... ok
test_query_resources_are_literal_and_not_environment_selected (artifact.test_codeql_rust_quality.CodeQLRustQualityTests.test_query_resources_are_literal_and_not_environment_selected) ... ok
test_query_revalidates_fixed_bindings_before_and_after (artifact.test_codeql_rust_quality.CodeQLRustQualityTests.test_query_revalidates_fixed_bindings_before_and_after) ... ok
test_query_revalidation_detects_binary_executable_mode_drift (artifact.test_codeql_rust_quality.CodeQLRustQualityTests.test_query_revalidation_detects_binary_executable_mode_drift) ... ok
test_query_revalidation_detects_binary_replacement (artifact.test_codeql_rust_quality.CodeQLRustQualityTests.test_query_revalidation_detects_binary_replacement) ... ok
test_query_revalidation_detects_database_metadata_and_parent_drift (artifact.test_codeql_rust_quality.CodeQLRustQualityTests.test_query_revalidation_detects_database_metadata_and_parent_drift) ... ok
test_repository_target_entry_is_always_rejected (artifact.test_codeql_rust_quality.CodeQLRustQualityTests.test_repository_target_entry_is_always_rejected) ... ok
test_tracked_inventory_is_nonempty_and_nul_terminated (artifact.test_codeql_rust_quality.CodeQLRustQualityTests.test_tracked_inventory_is_nonempty_and_nul_terminated) ... ok
test_tracked_inventory_still_rejects_missing_or_added_lifecycle_sources (artifact.test_codeql_rust_quality.CodeQLRustQualityTests.test_tracked_inventory_still_rejects_missing_or_added_lifecycle_sources) ... ok
test_unresolved_macro_detail_count_must_match_metric_exactly (artifact.test_codeql_rust_quality.CodeQLRustQualityTests.test_unresolved_macro_detail_count_must_match_metric_exactly) ... ok
test_unresolved_macro_details_are_strictly_typed_and_canonical (artifact.test_codeql_rust_quality.CodeQLRustQualityTests.test_unresolved_macro_details_are_strictly_typed_and_canonical) ... ok
test_compiled_descriptors_keep_legacy_methods_and_add_owned_surface (artifact.test_sdk_jni_contract.SdkJniContractTests.test_compiled_descriptors_keep_legacy_methods_and_add_owned_surface) ... ok
test_versioned_dex_contracts_reject_cross_version_and_missing_extensions (artifact.test_sdk_jni_contract.SdkJniContractTests.test_versioned_dex_contracts_reject_cross_version_and_missing_extensions) ... ok
test_changed_tls_groups_certificate_parameters_or_scope_fail (artifact.test_sdk_cbom_contract.SDKCBOMContractTests.test_changed_tls_groups_certificate_parameters_or_scope_fail) ... ok
test_closed_native_profile_and_legacy_profile_are_distinct (artifact.test_sdk_cbom_contract.SDKCBOMContractTests.test_closed_native_profile_and_legacy_profile_are_distinct) ... ok
test_missing_algorithms_and_invented_strength_or_operations_fail (artifact.test_sdk_cbom_contract.SDKCBOMContractTests.test_missing_algorithms_and_invented_strength_or_operations_fail) ... ok

----------------------------------------------------------------------
Ran 189 tests in 21.822s

OK
