
running 42 tests
test filesystem::publication::database_tests::database_busy_child ... ok
test filesystem::publication::database_tests::database_process_child ... ok
test filesystem::cleanup_boundary::scratch_copy_rejects_short_input ... ok
test filesystem::cleanup_boundary::scratch_copy_preserves_write_failure_and_stops_without_retry ... ok
test filesystem::cleanup_boundary::scratch_copy_supports_lengths_above_u32_without_a_full_file_allocation ... ok
test filesystem::cleanup_boundary::directory_sync_rechecks_permissions_on_the_pinned_inode ... ok
test filesystem::cleanup_boundary::scratch_unlink_failure_is_explicit_and_never_returns_a_copy_destination ... ok
test filesystem::cleanup_boundary::anonymous_scratch_has_no_name_before_or_after_copy ... ok
test filesystem::cleanup_boundary::failed_admission_sync_preserves_created_and_replacement_inodes ... ok
test filesystem::cleanup_boundary::failed_provision_preserves_state_under_a_replaced_parent ... ok
test filesystem::publication::tests::concurrent_creators_have_one_winner_and_never_return_the_losing_image ... ok
test filesystem::publication::tests::directory_sync_failure_and_losing_creator_preserve_a_concurrently_used_image ... ok
test filesystem::publication::tests::publication_process_child ... ok
test filesystem::publication::tests::existing_partial_symlink_and_hardlink_targets_are_never_replaced ... ok
test filesystem::publication::tests::database_initialization_failure_never_publishes_partial_configuration ... ok
test filesystem::publication::tests::publication_remains_beneath_the_original_pinned_parent ... ok
test filesystem::publication::database_tests::competing_database_creators_publish_one_original_owner ... ok
test filesystem::redb_header_tests::header_read_failure_is_not_accepted_as_a_short_file ... ok
test filesystem::publication::database_tests::original_database_lock_survives_publication_and_all_plain_probe_drops ... ok
test filesystem::publication::tests::substituted_or_linked_staging_inode_is_refused_without_deleting_any_replacement ... ok
test filesystem::redb_header_tests::header_inspection_requires_two_phase_commit_for_unclean_files ... ok
test filesystem::redb_header_tests::backend_lock_precedes_inspection_and_excludes_stock_redb ... ok
test filesystem::publication::tests::actual_process_cuts_never_publish_partials_or_choose_orphans_on_retry ... ok
test filesystem::publication::tests::every_publication_boundary_withholds_success_and_preserves_original_errors ... ok
test policy::tests::borrowed_runtimes_cannot_prepare_updates_outside_the_durable_owner ... ok

running 1 test
test policy::tests::max_version_exhaustion_is_durable_and_not_a_bootstrap_fallback ... ok
test policy::tests::persisted_update_survives_activation_failure_without_reviving_old_runtime ... ok

running 1 test
test policy::tests::private_directory_no_clobber_no_implicit_bootstrap_and_root_binding ... ok

running 1 test
test policy::tests::independent_authority_recovers_max_version_and_retains_original_receipts ... ok
test policy::tests::real_file_commit_failure_revokes_old_runtime_and_requires_reconciliation ... ok
test policy::tests::authority_recovery_commit_failures_reconcile_original_authorization ... ok
test policy::tests::process_lock_and_successful_commit_survive_abrupt_exit ... ok

running 1 test
test policy::tests::rollback_equivocation_bad_signatures_and_stale_callers_do_not_mutate_storage ... ok
test policy::tests::unknown_policy_genesis_result_preserves_the_actual_signed_sdk_runtime ... ok
test policy::tests::signed_update_revocation_recovery_and_close_preserve_owned_lifetimes ... ok
test filesystem::publication::database_tests::database_process_cuts_preserve_exclusion_and_original_published_genesis ... ok
test policy::tests::recovery_requires_independent_roles_exact_predecessor_and_first_use_enrollment ... ok
test filesystem::publication::database_tests::database_publication_faults_retain_exact_errors_and_never_return_an_owner ... ok

running 1 test
test policy::tests::corrupt_or_foreign_images_are_rejected_without_accepting_a_runtime ... ok

running 1 test
test policy::tests::root_recovery_process_cuts_replay_original_authorization ... ok
test filesystem::publication::database_tests::each_real_database_initialization_sync_fault_withholds_publication ... ok
test policy::tests::recovered_authority_image_rejects_tampered_metadata ... ok

test result: ok. 42 passed; 0 failed; 0 ignored; 0 measured; 0 filtered out; finished in 5.09s


running 0 tests

test result: ok. 0 passed; 0 failed; 0 ignored; 0 measured; 0 filtered out; finished in 0.00s

