Building for debugging...
[Pre-planning 1 / 158]
[Planning deferred tasks]
[53 / 92]
[55 / 94] QPeriaptHybrid
[65 / 142]
[70 / 142]
[75 / 142]
[76 / 142]
[80 / 142]
[82 / 142]
[86 / 142]
[90 / 142]
[92 / 142]
[93 / 142]
[103 / 142] QPeriaptHybrid
[120 / 143] QPeriaptLinkProbe-product
[122 / 145] QPeriaptSDK
[123 / 145] QPeriaptLinkProbe-product
[126 / 145] QPeriaptSDK
[133 / 146] QPeriaptLinkProbe-product
[135 / 146] QPeriaptSDKBinaryConsumerTests-product
[151 / 181]
[154 / 181]
[157 / 181]
[159 / 181]
[161 / 181]
[162 / 181]
[165 / 181]
[166 / 181]
[170 / 181] QPeriaptSDKBinaryConsumerTests-product
[175 / 181] QPeriaptSDKBinaryConsumerTests-product
[177 / 181] QPeriaptSDKBinaryConsumerTests-product
Build complete! (9.48秒)
