Building for debugging...
[Pre-planning 1 / 158]
[Planning deferred tasks]
[53 / 92] QPeriaptSDKConsumer_QPeriaptSDKBinaryConsumerTests
[53 / 92]
[55 / 94] QPeriaptHybrid
[65 / 142]
[70 / 142]
[75 / 142]
[76 / 142]
[80 / 142]
[82 / 142]
[86 / 142]
[90 / 142]
[92 / 142]
[93 / 142]
[103 / 142] QPeriaptHybrid
[120 / 143] QPeriaptLinkProbe-product
[122 / 145] QPeriaptSDK
[123 / 145] QPeriaptLinkProbe-product
[126 / 145] QPeriaptSDK
[133 / 146] QPeriaptLinkProbe-product
[135 / 146] QPeriaptSDKBinaryConsumerTests-product
[151 / 181]
[154 / 181]
[157 / 181]
[159 / 181]
[161 / 181]
[162 / 181]
[165 / 181]
[166 / 181]
[170 / 181] QPeriaptSDKBinaryConsumerTests-product
[175 / 181] QPeriaptSDKBinaryConsumerTests-product
[177 / 181] QPeriaptSDKBinaryConsumerTests-product
Build complete! (9.84秒)
Test Suite 'All tests' started at 2026-10-08 02:11:54.115.
Test Suite 'QPeriaptSDKBinaryConsumerTests.xctest' started at 2026-10-08 02:11:54.115.
Test Suite 'QPeriaptSDKBinaryConsumerTests' started at 2026-10-08 02:11:54.116.
Test Case '-[QPeriaptSDKBinaryConsumerTests.QPeriaptSDKBinaryConsumerTests testInstalledConnectionRejectsInvalidIdentity]' started.
Test Case '-[QPeriaptSDKBinaryConsumerTests.QPeriaptSDKBinaryConsumerTests testInstalledConnectionRejectsInvalidIdentity]' passed (0.004 seconds).
Test Case '-[QPeriaptSDKBinaryConsumerTests.QPeriaptSDKBinaryConsumerTests testInstalledExpertTransferAndSignedPolicyTransition]' started.
Test Case '-[QPeriaptSDKBinaryConsumerTests.QPeriaptSDKBinaryConsumerTests testInstalledExpertTransferAndSignedPolicyTransition]' passed (0.004 seconds).
Test Case '-[QPeriaptSDKBinaryConsumerTests.QPeriaptSDKBinaryConsumerTests testInstalledMetadataOwnersDerivationAndRevocation]' started.
Test Case '-[QPeriaptSDKBinaryConsumerTests.QPeriaptSDKBinaryConsumerTests testInstalledMetadataOwnersDerivationAndRevocation]' passed (0.003 seconds).
Test Case '-[QPeriaptSDKBinaryConsumerTests.QPeriaptSDKBinaryConsumerTests testInstalledPersistentPolicyRestart]' started.
Test Case '-[QPeriaptSDKBinaryConsumerTests.QPeriaptSDKBinaryConsumerTests testInstalledPersistentPolicyRestart]' passed (0.148 seconds).
Test Case '-[QPeriaptSDKBinaryConsumerTests.QPeriaptSDKBinaryConsumerTests testInstalledPolicyAuthorityRecoveryAndAdvancedReplay]' started.
Test Case '-[QPeriaptSDKBinaryConsumerTests.QPeriaptSDKBinaryConsumerTests testInstalledPolicyAuthorityRecoveryAndAdvancedReplay]' passed (0.120 seconds).
Test Suite 'QPeriaptSDKBinaryConsumerTests' passed at 2026-10-08 02:11:54.394.
	 Executed 5 tests, with 0 failures (0 unexpected) in 0.278 (0.279) seconds
Test Suite 'QPeriaptSDKBinaryConsumerTests.xctest' passed at 2026-10-08 02:11:54.395.
	 Executed 5 tests, with 0 failures (0 unexpected) in 0.278 (0.279) seconds
Test Suite 'All tests' passed at 2026-10-08 02:11:54.395.
	 Executed 5 tests, with 0 failures (0 unexpected) in 0.278 (0.280) seconds
◇ Test run started.
↳ Testing Library Version: 2084
↳ Target Platform: arm64e-apple-macos14.0
✔ Test run with 0 tests in 0 suites passed after 0.001 seconds.
