test_ci_retains_selected_public_configuration_evidence (artifact.test_continuity_first_configuration.FirstConfigurationTests.test_ci_retains_selected_public_configuration_evidence) ... ok
test_complete_matrix_and_explicit_language_are_required (artifact.test_continuity_first_configuration.FirstConfigurationTests.test_complete_matrix_and_explicit_language_are_required) ... ok
test_configuration_workload_does_not_reuse_previous_private_fixture_directory (artifact.test_continuity_first_configuration.FirstConfigurationTests.test_configuration_workload_does_not_reuse_previous_private_fixture_directory) ... ok
test_each_scenario_requires_its_own_registration (artifact.test_continuity_first_configuration.FirstConfigurationTests.test_each_scenario_requires_its_own_registration) ... ok
test_no_private_or_unlisted_files_may_be_exported (artifact.test_continuity_first_configuration.FirstConfigurationTests.test_no_private_or_unlisted_files_may_be_exported) ... ok
test_public_inputs_replay_and_genesis_must_remain_bound (artifact.test_continuity_first_configuration.FirstConfigurationTests.test_public_inputs_replay_and_genesis_must_remain_bound) ... ok
test_all_deadline_and_drain_tests_must_actually_execute (artifact.test_continuity_c_consumer.AdmissionTests.test_all_deadline_and_drain_tests_must_actually_execute) ... ok
test_binary_copy_uses_its_explicit_bound_without_relaxing_source_inputs (artifact.test_continuity_c_consumer.ContinuityCConsumerTests.test_binary_copy_uses_its_explicit_bound_without_relaxing_source_inputs) ... ok
test_build_tree_library_and_loader_overrides_do_not_qualify_installation (artifact.test_continuity_c_consumer.ContinuityCConsumerTests.test_build_tree_library_and_loader_overrides_do_not_qualify_installation) ... ok
test_c_consumer_keeps_the_same_closed_archive_graph (artifact.test_continuity_c_consumer.ContinuityCConsumerTests.test_c_consumer_keeps_the_same_closed_archive_graph) ... ok
test_exact_trace_requires_independent_data_and_each_command (artifact.test_continuity_c_consumer.ContinuityCConsumerTests.test_exact_trace_requires_independent_data_and_each_command) ... ok
test_foreign_client_scope_requires_the_explicit_language (artifact.test_continuity_c_consumer.ContinuityCConsumerTests.test_foreign_client_scope_requires_the_explicit_language) ... ok
test_foreign_server_requires_explicit_scope_and_preserves_unknown_outcomes (artifact.test_continuity_c_consumer.ContinuityCConsumerTests.test_foreign_server_requires_explicit_scope_and_preserves_unknown_outcomes) ... ok
test_no_test_partial_flags_and_changed_epoch_are_rejected (artifact.test_continuity_c_consumer.ContinuityCConsumerTests.test_no_test_partial_flags_and_changed_epoch_are_rejected) ... ok
test_server_rejects_omitted_tests_claims_and_epoch_substitution (artifact.test_continuity_c_consumer.ContinuityCConsumerTests.test_server_rejects_omitted_tests_claims_and_epoch_substitution) ... ok
test_server_requires_all_callback_outcomes_and_exact_readback (artifact.test_continuity_c_consumer.ContinuityCConsumerTests.test_server_requires_all_callback_outcomes_and_exact_readback) ... ok
test_trace_binary_requires_its_exact_source_and_profile (artifact.test_continuity_c_consumer.ContinuityCConsumerTests.test_trace_binary_requires_its_exact_source_and_profile) ... ok
test_expired_advertisement_restore_requires_actual_outputs_and_current_foreign_clock (artifact.test_continuity_c_consumer.RestorationTests.test_expired_advertisement_restore_requires_actual_outputs_and_current_foreign_clock) ... ok
test_archive_bytes_must_match_before_any_installation (artifact.test_continuity_swift_consumer.SwiftConsumerTests.test_archive_bytes_must_match_before_any_installation) ... ok
test_compiler_cap_and_mutation_are_refused_without_buffering (artifact.test_continuity_swift_consumer.SwiftConsumerTests.test_compiler_cap_and_mutation_are_refused_without_buffering) ... ok
test_compiler_larger_than_consumer_budget_is_fully_hashed (artifact.test_continuity_swift_consumer.SwiftConsumerTests.test_compiler_larger_than_consumer_budget_is_fully_hashed) ... ok
test_foreign_library_and_missing_installed_rpath_are_refused (artifact.test_continuity_swift_consumer.SwiftConsumerTests.test_foreign_library_and_missing_installed_rpath_are_refused) ... ok
test_passing_summary_without_each_swift_test_is_refused (artifact.test_continuity_swift_consumer.SwiftConsumerTests.test_passing_summary_without_each_swift_test_is_refused) ... ok
test_swift_dispatch_name_is_preserved_while_target_bytes_are_hashed (artifact.test_continuity_swift_consumer.SwiftConsumerTests.test_swift_dispatch_name_is_preserved_while_target_bytes_are_hashed) ... ok
test_traversal_and_symlink_entries_are_refused_before_writes (artifact.test_continuity_swift_consumer.SwiftConsumerTests.test_traversal_and_symlink_entries_are_refused_before_writes) ... ok
test_account_parent_collection_cannot_be_inferred_from_account_delivery_alone (artifact.test_continuity_kotlin_consumer.KotlinConsumerTests.test_account_parent_collection_cannot_be_inferred_from_account_delivery_alone) ... ok
test_every_owner_test_must_execute_without_skips_or_diagnostics (artifact.test_continuity_kotlin_consumer.KotlinConsumerTests.test_every_owner_test_must_execute_without_skips_or_diagnostics) ... ok
test_gc_evidence_requires_observed_collection_and_complete_native_capacity_checks (artifact.test_continuity_kotlin_consumer.KotlinConsumerTests.test_gc_evidence_requires_observed_collection_and_complete_native_capacity_checks) ... ok
test_inflight_receipts_bind_gc_and_returned_slots_to_original_delivery (artifact.test_continuity_kotlin_consumer.KotlinConsumerTests.test_inflight_receipts_bind_gc_and_returned_slots_to_original_delivery) ... ok
test_inflight_requires_compilation_for_each_real_server_invocation (artifact.test_continuity_kotlin_consumer.KotlinConsumerTests.test_inflight_requires_compilation_for_each_real_server_invocation) ... ok
test_policy_suite_is_required_with_exact_reports_and_case_names (artifact.test_continuity_kotlin_consumer.KotlinConsumerTests.test_policy_suite_is_required_with_exact_reports_and_case_names) ... ok
test_policy_suite_rejects_failed_skipped_or_diagnostic_reports (artifact.test_continuity_kotlin_consumer.KotlinConsumerTests.test_policy_suite_rejects_failed_skipped_or_diagnostic_reports) ... ok
test_renewal_suite_is_required_and_cannot_be_replaced_by_owner_success (artifact.test_continuity_kotlin_consumer.KotlinConsumerTests.test_renewal_suite_is_required_and_cannot_be_replaced_by_owner_success) ... ok
test_retains_every_verified_suite_for_build_and_installed_profiles (artifact.test_continuity_kotlin_consumer.KotlinConsumerTests.test_retains_every_verified_suite_for_build_and_installed_profiles) ... ok
test_runtime_requires_exact_coordinates_bytes_and_outside_distribution (artifact.test_continuity_kotlin_consumer.KotlinConsumerTests.test_runtime_requires_exact_coordinates_bytes_and_outside_distribution) ... ok
test_tool_identity_covers_implementation_not_only_launchers (artifact.test_continuity_kotlin_consumer.KotlinConsumerTests.test_tool_identity_covers_implementation_not_only_launchers) ... ok

----------------------------------------------------------------------
Ran 36 tests in 1.016s

OK
