test_host_tools_and_each_sdk_target_have_separate_deployment_floors (artifact.test_apple_sdk_profile.AppleSDKProfileTests.test_host_tools_and_each_sdk_target_have_separate_deployment_floors) ... ok
test_legacy_signing_mode_and_unknown_profiles_fail_before_build (artifact.test_apple_sdk_profile.AppleSDKProfileTests.test_legacy_signing_mode_and_unknown_profiles_fail_before_build) ... ok
test_link_map_binds_archive_path_architecture_and_nonempty_object_set (artifact.test_apple_sdk_profile.AppleSDKProfileTests.test_link_map_binds_archive_path_architecture_and_nonempty_object_set) ... ok
test_payload_changes_and_manifest_type_or_version_changes_fail (artifact.test_apple_sdk_profile.AppleSDKProfileTests.test_payload_changes_and_manifest_type_or_version_changes_fail) ... ok
test_platform_inventory_excludes_intel_macos_but_retains_ios_simulator (artifact.test_apple_sdk_profile.AppleSDKProfileTests.test_platform_inventory_excludes_intel_macos_but_retains_ios_simulator) ... ok
test_rehashing_contents_cannot_replace_the_checked_native_payload (artifact.test_apple_sdk_profile.AppleSDKProfileTests.test_rehashing_contents_cannot_replace_the_checked_native_payload) ... ok
test_sdk_and_legacy_archives_have_separate_closed_layouts (artifact.test_apple_sdk_profile.AppleSDKProfileTests.test_sdk_and_legacy_archives_have_separate_closed_layouts) ... ok
test_sdk_rejects_legacy_dual_macos_runtime_policy_before_tools_or_payload (artifact.test_apple_sdk_profile.AppleSDKProfileTests.test_sdk_rejects_legacy_dual_macos_runtime_policy_before_tools_or_payload) ... ok
test_symlinked_package_entries_and_root_are_not_followed (artifact.test_apple_sdk_profile.AppleSDKProfileTests.test_symlinked_package_entries_and_root_are_not_followed) ... ok
test_unsigned_packages_reject_source_drift_before_reporting_success (artifact.test_apple_sdk_profile.AppleSDKProfileTests.test_unsigned_packages_reject_source_drift_before_reporting_success) ... ok
test_xcframework_digest_must_match_before_zip_parsing (artifact.test_apple_sdk_profile.AppleSDKProfileTests.test_xcframework_digest_must_match_before_zip_parsing) ... ok
test_xcode_scheme_requires_known_consumer_identity_and_target (artifact.test_apple_sdk_profile.AppleSDKProfileTests.test_xcode_scheme_requires_known_consumer_identity_and_target) ... ok
test_atomic_writer_does_not_follow_existing_symlink (artifact.test_apple_distribution.AtomicEvidenceWriterTests.test_atomic_writer_does_not_follow_existing_symlink) ... ok
test_atomic_writer_never_replaces_existing_path (artifact.test_apple_distribution.AtomicEvidenceWriterTests.test_atomic_writer_never_replaces_existing_path) ... ok
test_accepts_exact_developer_id_origin_signature (artifact.test_apple_distribution.CodesignDisplayTests.test_accepts_exact_developer_id_origin_signature) ... ok
test_rejects_missing_timestamp_wrong_team_and_runtime (artifact.test_apple_distribution.CodesignDisplayTests.test_rejects_missing_timestamp_wrong_team_and_runtime) ... ok
test_rejects_nonzero_code_directory_flags (artifact.test_apple_distribution.CodesignDisplayTests.test_rejects_nonzero_code_directory_flags) ... ok
test_restrictive_source_modes_and_umasks_produce_identical_zip (artifact.test_apple_distribution.DeterministicXCFrameworkZipTests.test_restrictive_source_modes_and_umasks_produce_identical_zip) ... ok
test_emits_honest_signed_static_sdk_semantics (artifact.test_apple_distribution.DistributionEvidenceTests.test_emits_honest_signed_static_sdk_semantics) ... ok
test_rejects_checksum_source_and_signature_schema_mismatch (artifact.test_apple_distribution.DistributionEvidenceTests.test_rejects_checksum_source_and_signature_schema_mismatch) ... ok
test_rejects_notarized_or_accepted_injected_into_signing_evidence (artifact.test_apple_distribution.DistributionEvidenceTests.test_rejects_notarized_or_accepted_injected_into_signing_evidence) ... ok
test_rejects_zip_slice_hash_different_from_signature (artifact.test_apple_distribution.DistributionEvidenceTests.test_rejects_zip_slice_hash_different_from_signature) ... ok
test_accepts_exact_signed_and_unsigned_static_layouts (artifact.test_apple_distribution.ExactZipLayoutTests.test_accepts_exact_signed_and_unsigned_static_layouts) ... ok
test_rejects_central_directory_extra_fields (artifact.test_apple_distribution.ExactZipLayoutTests.test_rejects_central_directory_extra_fields) ... ok
test_rejects_corrupt_zip (artifact.test_apple_distribution.ExactZipLayoutTests.test_rejects_corrupt_zip) ... ok
test_rejects_directory_name_with_non_directory_type (artifact.test_apple_distribution.ExactZipLayoutTests.test_rejects_directory_name_with_non_directory_type) ... ok
test_rejects_duplicate_entry (artifact.test_apple_distribution.ExactZipLayoutTests.test_rejects_duplicate_entry) ... ok
test_rejects_every_extra_executable_or_bundle_shape (artifact.test_apple_distribution.ExactZipLayoutTests.test_rejects_every_extra_executable_or_bundle_shape) ... ok
test_rejects_executable_mode_on_expected_regular_file (artifact.test_apple_distribution.ExactZipLayoutTests.test_rejects_executable_mode_on_expected_regular_file) ... ok
test_rejects_extra_data_present_only_in_a_local_header (artifact.test_apple_distribution.ExactZipLayoutTests.test_rejects_extra_data_present_only_in_a_local_header) ... ok
test_rejects_hidden_bytes_after_deflate_or_stored_entry_payload (artifact.test_apple_distribution.ExactZipLayoutTests.test_rejects_hidden_bytes_after_deflate_or_stored_entry_payload) ... ok
test_rejects_non_archive_library_payload (artifact.test_apple_distribution.ExactZipLayoutTests.test_rejects_non_archive_library_payload) ... ok
test_rejects_non_unix_zip_origin_metadata (artifact.test_apple_distribution.ExactZipLayoutTests.test_rejects_non_unix_zip_origin_metadata) ... ok
test_rejects_noncanonical_directory_mode (artifact.test_apple_distribution.ExactZipLayoutTests.test_rejects_noncanonical_directory_mode) ... ok
test_rejects_nonempty_directory_payload (artifact.test_apple_distribution.ExactZipLayoutTests.test_rejects_nonempty_directory_payload) ... ok
test_rejects_nonzero_local_and_central_zip_flags (artifact.test_apple_distribution.ExactZipLayoutTests.test_rejects_nonzero_local_and_central_zip_flags) ... ok
test_rejects_prefixed_or_trailing_zip_container_data (artifact.test_apple_distribution.ExactZipLayoutTests.test_rejects_prefixed_or_trailing_zip_container_data) ... ok
test_rejects_private_path_in_every_regular_entry_class (artifact.test_apple_distribution.ExactZipLayoutTests.test_rejects_private_path_in_every_regular_entry_class) ... ok
test_rejects_private_path_inside_decompressed_static_zip_entry (artifact.test_apple_distribution.ExactZipLayoutTests.test_rejects_private_path_inside_decompressed_static_zip_entry) ... ok
test_rejects_symlink_entry (artifact.test_apple_distribution.ExactZipLayoutTests.test_rejects_symlink_entry) ... ok
test_signed_mode_rejects_missing_signature (artifact.test_apple_distribution.ExactZipLayoutTests.test_signed_mode_rejects_missing_signature) ... ok
test_accepts_exact_results_pinned_four_asset_set (artifact.test_apple_distribution.ReleaseAssetVerificationTests.test_accepts_exact_results_pinned_four_asset_set) ... ok
test_preserves_historical_alpha2_shape_but_stable_lane_rejects_it (artifact.test_apple_distribution.ReleaseAssetVerificationTests.test_preserves_historical_alpha2_shape_but_stable_lane_rejects_it) ... ok
test_public_candidate_projector_deep_validates_without_results_input (artifact.test_apple_distribution.ReleaseAssetVerificationTests.test_public_candidate_projector_deep_validates_without_results_input) ... ok
test_rejects_commit_size_checksum_and_evidence_hash_mismatch (artifact.test_apple_distribution.ReleaseAssetVerificationTests.test_rejects_commit_size_checksum_and_evidence_hash_mismatch) ... ok
test_rejects_consumer_schema_missing_or_unknown_field (artifact.test_apple_distribution.ReleaseAssetVerificationTests.test_rejects_consumer_schema_missing_or_unknown_field) ... ok
test_rejects_cross_release_mix_even_when_all_four_files_are_repinned (artifact.test_apple_distribution.ReleaseAssetVerificationTests.test_rejects_cross_release_mix_even_when_all_four_files_are_repinned) ... ok
test_rejects_missing_duplicate_and_extra_checksum_entries (artifact.test_apple_distribution.ReleaseAssetVerificationTests.test_rejects_missing_duplicate_and_extra_checksum_entries) ... ok
test_rejects_path_hygiene_policy_downgrade_or_allowlist (artifact.test_apple_distribution.ReleaseAssetVerificationTests.test_rejects_path_hygiene_policy_downgrade_or_allowlist) ... ok
test_rejects_release_identity_and_toolchain_drift (artifact.test_apple_distribution.ReleaseAssetVerificationTests.test_rejects_release_identity_and_toolchain_drift) ... ok
test_rejects_results_type_confusion_and_unknown_distribution_field (artifact.test_apple_distribution.ReleaseAssetVerificationTests.test_rejects_results_type_confusion_and_unknown_distribution_field) ... ok
test_rejects_tamper_and_wrong_caller_pin (artifact.test_apple_distribution.ReleaseAssetVerificationTests.test_rejects_tamper_and_wrong_caller_pin) ... ok
test_remote_verification_evidence_is_all_or_nothing (artifact.test_apple_distribution.ReleaseAssetVerificationTests.test_remote_verification_evidence_is_all_or_nothing) ... ok
test_results_release_identity_and_publication_state_are_exact (artifact.test_apple_distribution.ReleaseAssetVerificationTests.test_results_release_identity_and_publication_state_are_exact) ... ok
test_abi2_export_validator_propagates_nm_and_set_failures (artifact.test_apple_distribution.ReleaseWorkflowSourceTests.test_abi2_export_validator_propagates_nm_and_set_failures) ... ok
test_ambient_cargo_configuration_fails_before_build (artifact.test_apple_distribution.ReleaseWorkflowSourceTests.test_ambient_cargo_configuration_fails_before_build) ... ok
test_builder_uses_the_deterministic_xcframework_zip_contract (artifact.test_apple_distribution.ReleaseWorkflowSourceTests.test_builder_uses_the_deterministic_xcframework_zip_contract) ... ok
test_caller_compiler_and_target_flag_overrides_fail_fast (artifact.test_apple_distribution.ReleaseWorkflowSourceTests.test_caller_compiler_and_target_flag_overrides_fail_fast) ... ok
test_committed_error_cleanup_preserves_receipt_and_snapshots (artifact.test_apple_distribution.ReleaseWorkflowSourceTests.test_committed_error_cleanup_preserves_receipt_and_snapshots) ... ok
test_compiler_path_remapping_and_archive_gates_precede_signing (artifact.test_apple_distribution.ReleaseWorkflowSourceTests.test_compiler_path_remapping_and_archive_gates_precede_signing) ... ok
test_completion_publish_is_durable_no_replace_and_removes_pending (artifact.test_apple_distribution.ReleaseWorkflowSourceTests.test_completion_publish_is_durable_no_replace_and_removes_pending) ... ok
test_completion_publish_never_replaces_a_competing_final_ledger (artifact.test_apple_distribution.ReleaseWorkflowSourceTests.test_completion_publish_never_replaces_a_competing_final_ledger) ... ok
test_git_environment_overrides_fail_before_external_commands (artifact.test_apple_distribution.ReleaseWorkflowSourceTests.test_git_environment_overrides_fail_before_external_commands) ... ok
test_manifest_never_derives_notarized_from_release_mode (artifact.test_apple_distribution.ReleaseWorkflowSourceTests.test_manifest_never_derives_notarized_from_release_mode) ... ok
test_private_gate_logs_never_replay_child_output (artifact.test_apple_distribution.ReleaseWorkflowSourceTests.test_private_gate_logs_never_replay_child_output) ... ok
test_release_notes_distinguish_committed_and_indeterminate_visibility (artifact.test_apple_distribution.ReleaseWorkflowSourceTests.test_release_notes_distinguish_committed_and_indeterminate_visibility) ... ok
test_release_path_is_signing_only_and_has_no_notary_credentials (artifact.test_apple_distribution.ReleaseWorkflowSourceTests.test_release_path_is_signing_only_and_has_no_notary_credentials) ... ok
test_release_revision_and_toolchain_are_exactly_bound (artifact.test_apple_distribution.ReleaseWorkflowSourceTests.test_release_revision_and_toolchain_are_exactly_bound) ... ok
test_release_umask_is_fixed_inside_the_verified_private_root (artifact.test_apple_distribution.ReleaseWorkflowSourceTests.test_release_umask_is_fixed_inside_the_verified_private_root) ... ok
test_remote_cleanup_fails_closed_for_real_unbound_expansion (artifact.test_apple_distribution.ReleaseWorkflowSourceTests.test_remote_cleanup_fails_closed_for_real_unbound_expansion) ... ok
test_remote_cleanup_preserves_failure_and_cleanup_125_semantics (artifact.test_apple_distribution.ReleaseWorkflowSourceTests.test_remote_cleanup_preserves_failure_and_cleanup_125_semantics) ... ok
test_remote_consumer_download_is_hash_pinned_and_atomic (artifact.test_apple_distribution.ReleaseWorkflowSourceTests.test_remote_consumer_download_is_hash_pinned_and_atomic) ... ok
test_remote_consumer_is_fixed_to_the_r1_release (artifact.test_apple_distribution.ReleaseWorkflowSourceTests.test_remote_consumer_is_fixed_to_the_r1_release) ... ok
test_remote_private_directories_are_0700_under_ambient_022 (artifact.test_apple_distribution.ReleaseWorkflowSourceTests.test_remote_private_directories_are_0700_under_ambient_022) ... ok
test_shell_recognizes_visibility_markers_and_preserves_transaction (artifact.test_apple_distribution.ReleaseWorkflowSourceTests.test_shell_recognizes_visibility_markers_and_preserves_transaction) ... ok
test_signed_release_authorization_is_revision_and_commit_specific (artifact.test_apple_distribution.ReleaseWorkflowSourceTests.test_signed_release_authorization_is_revision_and_commit_specific) ... ok
test_signing_identity_and_certificate_remain_exactly_pinned (artifact.test_apple_distribution.ReleaseWorkflowSourceTests.test_signing_identity_and_certificate_remain_exactly_pinned) ... ok
test_untrusted_configuration_preflight_precedes_platform_tool_probes (artifact.test_apple_distribution.ReleaseWorkflowSourceTests.test_untrusted_configuration_preflight_precedes_platform_tool_probes) ... ok
test_wrapper_reverifies_all_public_assets_and_signature (artifact.test_apple_distribution.ReleaseWorkflowSourceTests.test_wrapper_reverifies_all_public_assets_and_signature) ... ok
test_binds_exact_layout_certificate_and_static_slice_hashes (artifact.test_apple_distribution.SigningEvidenceTests.test_binds_exact_layout_certificate_and_static_slice_hashes) ... ok
test_rejects_extra_executable_or_symlink (artifact.test_apple_distribution.SigningEvidenceTests.test_rejects_extra_executable_or_symlink) ... ok
test_rejects_wrong_pinned_certificate (artifact.test_apple_distribution.SigningEvidenceTests.test_rejects_wrong_pinned_certificate) ... ok
test_accepts_only_synthetic_and_system_build_paths (artifact.test_apple_distribution.StaticArchiveTests.test_accepts_only_synthetic_and_system_build_paths) ... ok
test_accepts_thin_and_two_slice_fat_static_archives (artifact.test_apple_distribution.StaticArchiveTests.test_accepts_thin_and_two_slice_fat_static_archives) ... ok
test_does_not_treat_drive_like_noise_as_a_windows_path (artifact.test_apple_distribution.StaticArchiveTests.test_does_not_treat_drive_like_noise_as_a_windows_path) ... ok
test_dynamic_prefix_requires_a_path_boundary (artifact.test_apple_distribution.StaticArchiveTests.test_dynamic_prefix_requires_a_path_boundary) ... ok
test_rejects_dynamic_prefix_and_utf16_paths_in_fat_second_slice (artifact.test_apple_distribution.StaticArchiveTests.test_rejects_dynamic_prefix_and_utf16_paths_in_fat_second_slice) ... ok
test_rejects_every_rust_upstream_build_path (artifact.test_apple_distribution.StaticArchiveTests.test_rejects_every_rust_upstream_build_path) ... ok
test_rejects_fat_container_with_non_archive_slice (artifact.test_apple_distribution.StaticArchiveTests.test_rejects_fat_container_with_non_archive_slice) ... ok
test_rejects_generic_windows_paths_in_both_utf16_encodings (artifact.test_apple_distribution.StaticArchiveTests.test_rejects_generic_windows_paths_in_both_utf16_encodings) ... ok
test_rejects_invalid_dynamic_prefix_contract (artifact.test_apple_distribution.StaticArchiveTests.test_rejects_invalid_dynamic_prefix_contract) ... ok
test_rejects_mach_o_executable_magic (artifact.test_apple_distribution.StaticArchiveTests.test_rejects_mach_o_executable_magic) ... ok
test_rejects_malformed_ar_headers_sizes_padding_and_trailing_bytes (artifact.test_apple_distribution.StaticArchiveTests.test_rejects_malformed_ar_headers_sizes_padding_and_trailing_bytes) ... ok
test_rejects_out_of_bounds_or_overlapping_fat_slices (artifact.test_apple_distribution.StaticArchiveTests.test_rejects_out_of_bounds_or_overlapping_fat_slices) ... ok
test_rejects_private_build_paths_without_echoing_them (artifact.test_apple_distribution.StaticArchiveTests.test_rejects_private_build_paths_without_echoing_them) ... ok
test_rejects_rust_upstream_path_in_an_application_member (artifact.test_apple_distribution.StaticArchiveTests.test_rejects_rust_upstream_path_in_an_application_member) ... ok
test_scans_ar_and_fat_container_metadata_outside_member_payloads (artifact.test_apple_distribution.StaticArchiveTests.test_scans_ar_and_fat_container_metadata_outside_member_payloads) ... ok

----------------------------------------------------------------------
Ran 97 tests in 3.193s

OK
